Test is running